// Jest Snapshot v1, https://goo.gl/fbAQLP

exports[`render AddExpense 1`] = `
<div>
  <div
    className="page-header"
  >
    <div
      className="content-container"
    >
      <h1
        className="page-header__title"
      >
        Add Expense
      </h1>
    </div>
  </div>
  <div
    className="content-container"
  >
    <ExpenseForm
      onSubmit={[Function]}
      source="add"
    />
  </div>
</div>
`;
