// Jest Snapshot v1, https://goo.gl/fbAQLP

exports[`render ExpenseListItem 1`] = `
<div>
  <Link
    to="/edit/2"
  >
    <h3>
      Rent
    </h3>
  </Link>
  <p>
    $1,095.00
     - 
    1969-12-27
  </p>
</div>
`;
