// Jest Snapshot v1, https://goo.gl/fbAQLP

exports[`header render 1`] = `
<header>
  <h1>
    Expensify
  </h1>
  <NavLink
    activeClassName="is-active"
    to="/dashboard"
  >
    Home
  </NavLink>
  <NavLink
    activeClassName="is-active"
    to="/create"
  >
    Add Expense
  </NavLink>
  <button
    onClick={[Function]}
  >
    Logout
  </button>
</header>
`;
